[
    {
        "id": @integer@,
        "firstName": "Jeanie",
        "lastName": "Metz",
        "countryCode": "GB",
        "street": "McGlynn Island",
        "city": "Klingside",
        "postcode": "33553",
        "provinceCode": "GB-SCT",
        "company": "Sylius",
        "phoneNumber": "349713",
        "default": false
    },
    {
        "id": @integer@,
        "firstName": "Jeanie",
        "lastName": "Metz",
        "countryCode": "GB",
        "street": "Kupreska",
        "city": "Klingside",
        "postcode": "33553",
        "provinceCode": "GB-SCT",
        "company": "Locastic",
        "phoneNumber": "349713",
        "default": false
    },
    {
        "id": @integer@,
        "firstName": "Jeanie",
        "lastName": "Metz",
        "countryCode": "GB",
        "street": "Lurline Springs",
        "city": "Klingside",
        "postcode": "33553",
        "provinceCode": "GB-SCT",
        "company": "Locastic",
        "phoneNumber": "349713",
        "default": false
    }
]
