{
  "code": 400,
  "message": "Validation failed",
  "errors": {
    "countryCode": [
      "The country does not exist"
    ]
  }
}
