[
  {
    "code": "LOGAN_HAT_CODE",
    "name": "Logan Hut",
    "slug": "logan-hut",
    "channels": [
      {
        "code": "WEB_GB",
        "baseCurrency": {
          "code": "GBP"
        }
      }
    ],
    "description": "Einige Beschreibung Lorem ipsum dolor sit amet.",
    "shortDescription": null,
    "metaKeywords": null,
    "metaDescription": null,
    "averageRating": 0,
    "mainTaxon": {
      "code": "HAT"
    },
    "taxons": [
      {
        "code": "HAT"
      },
      {
        "code": "BRAND"
      }
    ],
    "variants": [
      {
        "code": "SMALL_RED_LOGAN_HAT_CODE",
        "name": "Klein Rot Logan Hut",
        "optionValues": [
          {
            "code": "HAT_SIZE_S",
            "option": {
              "name": "Size"
            },
            "value": "S"
          },
          {
            "code": "HAT_COLOR_RED",
            "option": {
              "name": "Farbe"
            },
            "value": "Rot"
          }
        ],
        "channelPricings": [
          {
            "channelCode": "WEB_GB",
            "price": 500
          }
        ],
        "images": []
      },
      {
        "code": "LARGE_RED_LOGAN_HAT_CODE",
        "name": "Large Red Logan Hat",
        "optionValues": [
          {
            "code": "HAT_SIZE_L",
            "option": {
              "name": "Size"
            },
            "value": "L"
          },
          {
            "code": "HAT_COLOR_RED",
            "option": {
              "name": "Farbe"
            },
            "value": "Rot"
          }
        ],
        "channelPricings": [
          {
            "channelCode": "WEB_GB",
            "price": 999
          }
        ],
        "images": []
      },
      {
        "code": "SMALL_BLUE_LOGAN_HAT_CODE",
        "name": "Klein Blau Logan Hut",
        "optionValues": [
          {
            "code": "HAT_SIZE_S",
            "option": {
              "name": "Size"
            },
            "value": "S"
          },
          {
            "code": "HAT_COLOR_BLUE",
            "option": {
              "name": "Farbe"
            },
            "value": "Blau"
          }
        ],
        "channelPricings": [
          {
            "channelCode": "WEB_GB",
            "price": 1500
          }
        ],
        "images": []
      },
      {
        "code": "LARGE_BLUE_LOGAN_HAT_CODE",
        "name": "Gro√ües Blau Logan Hut",
        "optionValues": [
          {
            "code": "HAT_SIZE_L",
            "option": {
              "name": "Size"
            },
            "value": "L"
          },
          {
            "code": "HAT_COLOR_BLUE",
            "option": {
              "name": "Farbe"
            },
            "value": "Blau"
          }
        ],
        "channelPricings": [
          {
            "channelCode": "WEB_GB",
            "price": 2599
          }
        ],
        "images": []
      }
    ],
    "attributes": [],
    "associations": [
      {
        "type": {
          "code": "CROSS_SELL_ASSOCIATION_TYPE"
        },
        "associatedProducts": [
          {
            "code": "LOGAN_MUG_CODE",
            "name": "Logan Becher",
            "slug": "logan-becher",
            "channels": [
              {
                "code": "WEB_GB",
                "baseCurrency": {
                  "code": "GBP"
                }
              }
            ],
            "description": null,
            "shortDescription": null,
            "metaKeywords": null,
            "metaDescription": null,
            "averageRating": 0,
            "mainTaxon": {
              "code": "MUG"
            },
            "taxons": [
              {
                "code": "MUG"
              },
              {
                "code": "BRAND"
              }
            ],
            "variants": [
              {
                "code": "LOGAN_MUG_CODE",
                "name": "Logan Becher",
                "optionValues": [],
                "channelPricings": [
                  {
                    "channelCode": "WEB_GB",
                    "price": 1999
                  }
                ],
                "images": [
                  {
                    "type": "thumbnail",
                    "path": "/uo/mug.jpg"
                  }
                ]
              }
            ],
            "attributes": [
              {
                "code": "MUG_MATERIAL_CODE",
                "name": "Becher Material",
                "value": "Holz"
              }
            ],
            "associations": [],
            "images": [
              {
                "type": "thumbnail",
                "path": "/uo/mug.jpg"
              }
            ]
          },
          {
            "code": "LOGAN_T_SHIRT_CODE",
            "name": "Logan T-Shirt",
            "slug": "logan-t-shirt",
            "channels": [
              {
                "code": "WEB_GB",
                "baseCurrency": {
                  "code": "GBP"
                }
              }
            ],
            "description": "Some description Lorem ipsum dolor sit amet.",
            "shortDescription": null,
            "metaKeywords": null,
            "metaDescription": null,
            "averageRating": 0,
            "mainTaxon": {
              "code": "T_SHIRTS"
            },
            "taxons": [
              {
                "code": "WOMEN_T_SHIRTS"
              },
              {
                "code": "BRAND"
              }
            ],
            "variants": [
              {
                "code": "SMALL_LOGAN_T_SHIRT_CODE",
                "name": "Small Logan T-Shirt",
                "optionValues": [],
                "channelPricings": [
                  {
                    "channelCode": "WEB_GB",
                    "price": 1999
                  }
                ],
                "images": [
                  {
                    "type": "thumbnail",
                    "path": "/uo/small-tshirt.jpg"
                  }
                ]
              },
              {
                "code": "LARGE_LOGAN_T_SHIRT_CODE",
                "name": "Large Logan T-Shirt",
                "optionValues": [],
                "channelPricings": [
                  {
                    "channelCode": "WEB_GB",
                    "price": 2999
                  }
                ],
                "images": [
                  {
                    "type": "thumbnail",
                    "path": "/uo/large-tshirt.jpg"
                  }
                ]
              }
            ],
            "attributes": [],
            "associations": [],
            "images": [
              {
                "type": "thumbnail",
                "path": "/uo/tshirt.jpg"
              },
              {
                "type": "thumbnail",
                "path": "/uo/small-tshirt.jpg"
              },
              {
                "type": "thumbnail",
                "path": "/uo/large-tshirt.jpg"
              }
            ]
          }
        ]
      }
    ],
    "images": []
  },
  {
    "code": "LOGAN_MUG_CODE",
    "name": "Logan Becher",
    "slug": "logan-becher",
    "channels": [
      {
        "code": "WEB_GB",
        "baseCurrency": {
          "code": "GBP"
        }
      }
    ],
    "description": null,
    "shortDescription": null,
    "metaKeywords": null,
    "metaDescription": null,
    "averageRating": 0,
    "mainTaxon": {
      "code": "MUG"
    },
    "taxons": [
      {
        "code": "MUG"
      },
      {
        "code": "BRAND"
      }
    ],
    "variants": [
      {
        "code": "LOGAN_MUG_CODE",
        "name": "Logan Becher",
        "optionValues": [],
        "channelPricings": [
          {
            "channelCode": "WEB_GB",
            "price": 1999
          }
        ],
        "images": [
          {
            "type": "thumbnail",
            "path": "/uo/mug.jpg"
          }
        ]
      }
    ],
    "attributes": [
      {
        "code": "MUG_MATERIAL_CODE",
        "name": "Becher Material",
        "value": "Holz"
      }
    ],
    "associations": [],
    "images": [
      {
        "type": "thumbnail",
        "path": "/uo/mug.jpg"
      }
    ]
  }
]
