{
  "@context": "/shop-api/contexts/Product",
  "@id": "/shop-api/WEB_GB/products",
  "@type": "hydra:Collection",
  "hydra:member": [
    {
      "@id": "/shop-api/WEB_GB/products/LOGAN_MUG_CODE",
      "@type": "Product",
      "code": "LOGAN_MUG_CODE",
      "name": "Logan Becher",
      "slug": "logan-becher",
      "channels": [
        {
          "code": "WEB_GB",
          "baseCurrency": {
            "code": "GBP"
          }
        }
      ],
      "description": null,
      "shortDescription": null,
      "metaKeywords": null,
      "metaDescription": null,
      "averageRating": 0,
      "mainTaxon": {
        "@id": "/shop-api/WEB_GB/taxons/MUG",
        "@type": "Taxon",
        "code": "MUG"
      },
      "taxons": [
        {
          "@id": "/shop-api/WEB_GB/taxons/MUG",
          "@type": "Taxon",
          "code": "MUG"
        },
        {
          "@id": "/shop-api/WEB_GB/taxons/BRAND",
          "@type": "Taxon",
          "code": "BRAND"
        }
      ],
      "variants": [
        {
          "code": "LOGAN_MUG_CODE",
          "name": "Logan Becher",
          "optionValues": [],
          "channelPricings": [
            {
              "channelCode": "WEB_GB",
              "price": 1999
            }
          ],
          "images": [
            {
              "type": "thumbnail",
              "path": "/uo/mug.jpg"
            }
          ]
        }
      ],
      "attributes": [
        {
          "code": "MUG_MATERIAL_CODE",
          "name": "Becher Material",
          "type": "select",
          "value": [
            "1"
          ],
          "attribute": {
            "configuration": {
              "required": true,
              "choices": {
                "1": {
                  "en_GB": "Wood",
                  "de_DE": "Holz"
                },
                "2": {
                  "en_GB": "Porcelain",
                  "de_DE": "Porzellan"
                }
              }
            }
          }
        }
      ],
      "associations": [],
      "images": [
        {
          "type": "thumbnail",
          "path": "/uo/mug.jpg"
        }
      ]
    },
    {
      "@id": "/shop-api/WEB_GB/products/LOGAN_HAT_CODE",
      "@type": "Product",
      "code": "LOGAN_HAT_CODE",
      "name": "Logan Hut",
      "slug": "logan-hut",
      "channels": [
        {
          "code": "WEB_GB",
          "baseCurrency": {
            "code": "GBP"
          }
        }
      ],
      "description": "Einige Beschreibung Lorem ipsum dolor sit amet.",
      "shortDescription": null,
      "metaKeywords": null,
      "metaDescription": null,
      "averageRating": 0,
      "mainTaxon": {
        "@id": "/shop-api/WEB_GB/taxons/HAT",
        "@type": "Taxon",
        "code": "HAT"
      },
      "taxons": [
        {
          "@id": "/shop-api/WEB_GB/taxons/HAT",
          "@type": "Taxon",
          "code": "HAT"
        },
        {
          "@id": "/shop-api/WEB_GB/taxons/BRAND",
          "@type": "Taxon",
          "code": "BRAND"
        }
      ],
      "variants": [
        {
          "code": "SMALL_RED_LOGAN_HAT_CODE",
          "name": "Klein Rot Logan Hut",
          "optionValues": [
            {
              "code": "HAT_SIZE_S",
              "option": {
                "name": "Size"
              },
              "value": "S"
            },
            {
              "code": "HAT_COLOR_RED",
              "option": {
                "name": "Farbe"
              },
              "value": "Rot"
            }
          ],
          "channelPricings": [
            {
              "channelCode": "WEB_GB",
              "price": 500
            }
          ],
          "images": []
        },
        {
          "code": "LARGE_RED_LOGAN_HAT_CODE",
          "name": "Large Red Logan Hat",
          "optionValues": [
            {
              "code": "HAT_SIZE_L",
              "option": {
                "name": "Size"
              },
              "value": "L"
            },
            {
              "code": "HAT_COLOR_RED",
              "option": {
                "name": "Farbe"
              },
              "value": "Rot"
            }
          ],
          "channelPricings": [
            {
              "channelCode": "WEB_GB",
              "price": 999
            }
          ],
          "images": []
        },
        {
          "code": "SMALL_BLUE_LOGAN_HAT_CODE",
          "name": "Klein Blau Logan Hut",
          "optionValues": [
            {
              "code": "HAT_SIZE_S",
              "option": {
                "name": "Size"
              },
              "value": "S"
            },
            {
              "code": "HAT_COLOR_BLUE",
              "option": {
                "name": "Farbe"
              },
              "value": "Blau"
            }
          ],
          "channelPricings": [
            {
              "channelCode": "WEB_GB",
              "price": 1500
            }
          ],
          "images": []
        },
        {
          "code": "LARGE_BLUE_LOGAN_HAT_CODE",
          "name": "Gro√ües Blau Logan Hut",
          "optionValues": [
            {
              "code": "HAT_SIZE_L",
              "option": {
                "name": "Size"
              },
              "value": "L"
            },
            {
              "code": "HAT_COLOR_BLUE",
              "option": {
                "name": "Farbe"
              },
              "value": "Blau"
            }
          ],
          "channelPricings": [
            {
              "channelCode": "WEB_GB",
              "price": 2599
            }
          ],
          "images": []
        }
      ],
      "attributes": [],
      "associations": [
        {
          "type": {
            "code": "CROSS_SELL_ASSOCIATION_TYPE"
          },
          "associatedProducts": [
            {
              "@id": "/shop-api/WEB_GB/products/LOGAN_MUG_CODE",
              "@type": "Product",
              "code": "LOGAN_MUG_CODE",
              "name": "Logan Becher",
              "slug": "logan-becher",
              "channels": [
                {
                  "code": "WEB_GB",
                  "baseCurrency": {
                    "code": "GBP"
                  }
                }
              ],
              "description": null,
              "shortDescription": null,
              "metaKeywords": null,
              "metaDescription": null,
              "averageRating": 0,
              "mainTaxon": {
                "@id": "/shop-api/WEB_GB/taxons/MUG",
                "@type": "Taxon",
                "code": "MUG"
              },
              "taxons": [
                {
                  "@id": "/shop-api/WEB_GB/taxons/MUG",
                  "@type": "Taxon",
                  "code": "MUG"
                },
                {
                  "@id": "/shop-api/WEB_GB/taxons/BRAND",
                  "@type": "Taxon",
                  "code": "BRAND"
                }
              ],
              "variants": [
                {
                  "code": "LOGAN_MUG_CODE",
                  "name": "Logan Becher",
                  "optionValues": [],
                  "channelPricings": [
                    {
                      "channelCode": "WEB_GB",
                      "price": 1999
                    }
                  ],
                  "images": [
                    {
                      "type": "thumbnail",
                      "path": "/uo/mug.jpg"
                    }
                  ]
                }
              ],
              "attributes": [
                {
                  "code": "MUG_MATERIAL_CODE",
                  "name": "Becher Material",
                  "type": "select",
                  "value": [
                    "1"
                  ],
                  "attribute": {
                    "configuration": {
                      "required": true,
                      "choices": {
                        "1": {
                          "en_GB": "Wood",
                          "de_DE": "Holz"
                        },
                        "2": {
                          "en_GB": "Porcelain",
                          "de_DE": "Porzellan"
                        }
                      }
                    }
                  }
                }
              ],
              "images": [
                {
                  "type": "thumbnail",
                  "path": "/uo/mug.jpg"
                }
              ]
            },
            {
              "@id": "/shop-api/WEB_GB/products/LOGAN_T_SHIRT_CODE",
              "@type": "Product",
              "code": "LOGAN_T_SHIRT_CODE",
              "name": "Logan T-Shirt",
              "slug": "logan-t-shirt",
              "channels": [
                {
                  "code": "WEB_GB",
                  "baseCurrency": {
                    "code": "GBP"
                  }
                }
              ],
              "description": "Some description Lorem ipsum dolor sit amet.",
              "shortDescription": null,
              "metaKeywords": null,
              "metaDescription": null,
              "averageRating": 0,
              "mainTaxon": {
                "@id": "/shop-api/WEB_GB/taxons/T_SHIRTS",
                "@type": "Taxon",
                "code": "T_SHIRTS"
              },
              "taxons": [
                {
                  "@id": "/shop-api/WEB_GB/taxons/WOMEN_T_SHIRTS",
                  "@type": "Taxon",
                  "code": "WOMEN_T_SHIRTS"
                },
                {
                  "@id": "/shop-api/WEB_GB/taxons/BRAND",
                  "@type": "Taxon",
                  "code": "BRAND"
                }
              ],
              "variants": [
                {
                  "code": "SMALL_LOGAN_T_SHIRT_CODE",
                  "name": "Small Logan T-Shirt",
                  "optionValues": [],
                  "channelPricings": [
                    {
                      "channelCode": "WEB_GB",
                      "price": 1999
                    }
                  ],
                  "images": [
                    {
                      "type": "thumbnail",
                      "path": "/uo/small-tshirt.jpg"
                    }
                  ]
                },
                {
                  "code": "LARGE_LOGAN_T_SHIRT_CODE",
                  "name": "Large Logan T-Shirt",
                  "optionValues": [],
                  "channelPricings": [
                    {
                      "channelCode": "WEB_GB",
                      "price": 2999
                    }
                  ],
                  "images": [
                    {
                      "type": "thumbnail",
                      "path": "/uo/large-tshirt.jpg"
                    }
                  ]
                }
              ],
              "attributes": [],
              "images": [
                {
                  "type": "thumbnail",
                  "path": "/uo/tshirt.jpg"
                },
                {
                  "type": "thumbnail",
                  "path": "/uo/small-tshirt.jpg"
                },
                {
                  "type": "thumbnail",
                  "path": "/uo/large-tshirt.jpg"
                }
              ]
            }
          ]
        }
      ],
      "images": []
    }
  ],
  "hydra:totalItems": 2,
  "hydra:view": {
    "@id": "/shop-api/WEB_GB/taxon-products/by-slug/marken?locale=de_DE",
    "@type": "hydra:PartialCollectionView"
  }
}
