{
  "@context": "/shop-api/contexts/Product",
  "@id": "/shop-api/WEB_GB/products/LOGAN_T_SHIRT_CODE",
  "@type": "Product",
  "code": "LOGAN_T_SHIRT_CODE",
  "name": "Logan T-Shirt",
  "slug": "logan-t-shirt",
  "channels": [
    {
      "code": "WEB_GB",
      "baseCurrency": {
        "code": "GBP"
      }
    }
  ],
  "description": "Some description Lorem ipsum dolor sit amet.",
  "shortDescription": null,
  "metaKeywords": null,
  "metaDescription": null,
  "averageRating": 0,
  "mainTaxon": {
    "@id": "/shop-api/WEB_GB/taxons/T_SHIRTS",
    "@type": "Taxon",
    "code": "T_SHIRTS"
  },
  "taxons": [
    {
      "@id": "/shop-api/WEB_GB/taxons/WOMEN_T_SHIRTS",
      "@type": "Taxon",
      "code": "WOMEN_T_SHIRTS"
    },
    {
      "@id": "/shop-api/WEB_GB/taxons/BRAND",
      "@type": "Taxon",
      "code": "BRAND"
    }
  ],
  "variants": [
    {
      "code": "SMALL_LOGAN_T_SHIRT_CODE",
      "name": "Small Logan T-Shirt",
      "optionValues": [],
      "channelPricings": [
        {
          "channelCode": "WEB_GB",
          "price": 1999
        }
      ],
      "images": [
        {
          "type": "thumbnail",
          "path": "/uo/small-tshirt.jpg"
        }
      ]
    },
    {
      "code": "LARGE_LOGAN_T_SHIRT_CODE",
      "name": "Large Logan T-Shirt",
      "optionValues": [],
      "channelPricings": [
        {
          "channelCode": "WEB_GB",
          "price": 2999
        }
      ],
      "images": [
        {
          "type": "thumbnail",
          "path": "/uo/large-tshirt.jpg"
        }
      ]
    }
  ],
  "attributes": [],
  "associations": [],
  "images": [
    {
      "type": "thumbnail",
      "path": "/uo/tshirt.jpg"
    },
    {
      "type": "thumbnail",
      "path": "/uo/small-tshirt.jpg"
    },
    {
      "type": "thumbnail",
      "path": "/uo/large-tshirt.jpg"
    }
  ]
}
