{
  "@context": "/shop-api/contexts/Product",
  "@id": "/shop-api/WEB_GB/products/LOGAN_SHOES_CODE",
  "@type": "Product",
  "code": "LOGAN_SHOES_CODE",
  "name": "Logan Shoes",
  "slug": "logan-shoes",
  "channels": [
    {
      "code": "WEB_GB",
      "baseCurrency": {
        "code": "GBP"
      }
    }
  ],
  "description": "Some description Lorem ipsum dolor sit amet.",
  "shortDescription": null,
  "metaKeywords": null,
  "metaDescription": null,
  "averageRating": 0,
  "mainTaxon": null,
  "taxons": [],
  "variants": [],
  "attributes": [],
  "associations": [],
  "images": []
}
