{
  "@context": "/shop-api/contexts/Review",
  "@id": "/shop-api/WEB_GB/reviews",
  "@type": "hydra:Collection",
  "hydra:member": [
    {
      "@id": "@string@.matchRegex('#^/shop-api/WEB_GB/reviews/\\d+$#')",
      "@type": "Review",
      "title": "Nice mug",
      "rating": "@integer@",
      "comment": "@string@",
      "author": {
        "@id": "/shop-api/WEB_GB/customers/oliver%2540queen.com",
        "@type": "Customer",
        "email": "oliver@queen.com"
      }
    },
    {
      "@id": "@string@.matchRegex('#^/shop-api/WEB_GB/reviews/\\d+$#')",
      "@type": "Review",
      "title": "Nice mug",
      "rating": "@integer@",
      "comment": "@string@",
      "author": {
        "@id": "/shop-api/WEB_GB/customers/oliver%2540queen.com",
        "@type": "Customer",
        "email": "oliver@queen.com"
      }
    },
    {
      "@id": "@string@.matchRegex('#^/shop-api/WEB_GB/reviews/\\d+$#')",
      "@type": "Review",
      "title": "Nice mug",
      "rating": "@integer@",
      "comment": "@string@",
      "author": {
        "@id": "/shop-api/WEB_GB/customers/oliver%2540queen.com",
        "@type": "Customer",
        "email": "oliver@queen.com"
      }
    },
    {
      "@id": "@string@.matchRegex('#^/shop-api/WEB_GB/reviews/\\d+$#')",
      "@type": "Review",
      "title": "Nice mug",
      "rating": "@integer@",
      "comment": "@string@",
      "author": {
        "@id": "/shop-api/WEB_GB/customers/oliver%2540queen.com",
        "@type": "Customer",
        "email": "oliver@queen.com"
      }
    },
    {
      "@id": "@string@.matchRegex('#^/shop-api/WEB_GB/reviews/\\d+$#')",
      "@type": "Review",
      "title": "Nice mug",
      "rating": "@integer@",
      "comment": "@string@",
      "author": {
        "@id": "/shop-api/WEB_GB/customers/oliver%2540queen.com",
        "@type": "Customer",
        "email": "oliver@queen.com"
      }
    },
    {
      "@id": "@string@.matchRegex('#^/shop-api/WEB_GB/reviews/\\d+$#')",
      "@type": "Review",
      "title": "Nice mug",
      "rating": "@integer@",
      "comment": "@string@",
      "author": {
        "@id": "/shop-api/WEB_GB/customers/oliver%2540queen.com",
        "@type": "Customer",
        "email": "oliver@queen.com"
      }
    },
    {
      "@id": "@string@.matchRegex('#^/shop-api/WEB_GB/reviews/\\d+$#')",
      "@type": "Review",
      "title": "Nice mug",
      "rating": "@integer@",
      "comment": "@string@",
      "author": {
        "@id": "/shop-api/WEB_GB/customers/oliver%2540queen.com",
        "@type": "Customer",
        "email": "oliver@queen.com"
      }
    },
    {
      "@id": "@string@.matchRegex('#^/shop-api/WEB_GB/reviews/\\d+$#')",
      "@type": "Review",
      "title": "Nice mug",
      "rating": "@integer@",
      "comment": "@string@",
      "author": {
        "@id": "/shop-api/WEB_GB/customers/oliver%2540queen.com",
        "@type": "Customer",
        "email": "oliver@queen.com"
      }
    },
    {
      "@id": "@string@.matchRegex('#^/shop-api/WEB_GB/reviews/\\d+$#')",
      "@type": "Review",
      "title": "Nice mug",
      "rating": "@integer@",
      "comment": "@string@",
      "author": {
        "@id": "/shop-api/WEB_GB/customers/oliver%2540queen.com",
        "@type": "Customer",
        "email": "oliver@queen.com"
      }
    },
    {
      "@id": "@string@.matchRegex('#^/shop-api/WEB_GB/reviews/\\d+$#')",
      "@type": "Review",
      "title": "Nice mug",
      "rating": "@integer@",
      "comment": "@string@",
      "author": {
        "@id": "/shop-api/WEB_GB/customers/oliver%2540queen.com",
        "@type": "Customer",
        "email": "oliver@queen.com"
      }
    }
  ],
  "hydra:totalItems": 25,
  "hydra:view": {
    "@id": "/shop-api/WEB_GB/products/by-code/LOGAN_MUG_CODE/reviews?page=1",
    "@type": "hydra:PartialCollectionView",
    "hydra:first": "/shop-api/WEB_GB/products/by-code/LOGAN_MUG_CODE/reviews?page=1",
    "hydra:last": "/shop-api/WEB_GB/products/by-code/LOGAN_MUG_CODE/reviews?page=3",
    "hydra:next": "/shop-api/WEB_GB/products/by-code/LOGAN_MUG_CODE/reviews?page=2"
  }
}
