{
  "@context": "/shop-api/contexts/Product",
  "@id": "/shop-api/WEB_GB/products/LOGAN_MUG_CODE",
  "@type": "Product",
  "code": "LOGAN_MUG_CODE",
  "name": "Logan Mug",
  "slug": "logan-mug",
  "channels": [
    {
      "code": "WEB_GB",
      "baseCurrency": {
        "code": "GBP"
      }
    }
  ],
  "description": "Some description Lorem ipsum dolor sit amet.",
  "shortDescription": null,
  "metaKeywords": null,
  "metaDescription": null,
  "averageRating": 0,
  "mainTaxon": {
    "@id": "/shop-api/WEB_GB/taxons/MUG",
    "@type": "Taxon",
    "code": "MUG"
  },
  "taxons": [
    {
      "@id": "/shop-api/WEB_GB/taxons/MUG",
      "@type": "Taxon",
      "code": "MUG"
    },
    {
      "@id": "/shop-api/WEB_GB/taxons/BRAND",
      "@type": "Taxon",
      "code": "BRAND"
    }
  ],
  "variants": [
    {
      "code": "LOGAN_MUG_CODE",
      "name": "Logan Mug",
      "optionValues": [],
      "channelPricings": [
        {
          "channelCode": "WEB_GB",
          "price": 1999
        }
      ],
      "images": [
        {
          "type": "thumbnail",
          "path": "/uo/mug.jpg"
        }
      ]
    }
  ],
  "attributes": [
    {
      "code": "MUG_MATERIAL_CODE",
      "name": "Mug material",
      "value": "Wood"
    }
  ],
  "associations": [],
  "images": [
    {
      "type": "thumbnail",
      "path": "/uo/mug.jpg"
    }
  ]
}
