{
    "tokenValue": "@string@",
    "channel": "WEB_GB",
    "currency": "GBP",
    "locale": "en_GB",
    "checkoutState": "cart",
    "items": [],
    "totals": {
        "total": 0,
        "items": 0,
        "taxes": 0,
        "shipping": 0,
        "promotion": 0
    },
    "payments": [],
    "shipments": [],
    "cartDiscounts": []
}
