{
  "id": "@integer@",
  "firstName": "Oliver",
  "lastName": "Queen",
  "email": "oliver@queen.com",
  "birthday": null,
  "gender": "m",
  "phoneNumber": "0212115512",
  "subscribedToNewsletter": false
}
