{
  "type": "@string@",
  "title": "@string@",
  "detail": "email: This email is already used.",
  "violations": [
    {
      "propertyPath": "email",
      "message": "This email is already used."
    }
  ]
}
