{
  "type": "@string@",
  "title": "@string@",
  "detail": "email: Please enter your email.",
  "violations": [
    {
      "propertyPath": "email",
      "message": "Please enter your email."
    }
  ]
}
