{
  "type": "@string@",
  "title": "@string@",
  "detail": "email: Please enter your email.\nemail: Customer with this email does not exist.",
  "violations": [
    {
      "propertyPath": "email",
      "message": "Please enter your email."
    },
    {
      "propertyPath": "email",
      "message": "Customer with this email does not exist."
    }
  ]
}
