{
  "type": "@string@",
  "title": "@string@",
  "detail": "email: This email is invalid.\nemail: Customer with this email does not exist.",
  "violations": [
    {
      "propertyPath": "email",
      "message": "This email is invalid."
    },
    {
      "propertyPath": "email",
      "message": "Customer with this email does not exist."
    }
  ]
}
