{
    "code": 400,
    "message": "Validation failed",
    "errors": {
        "email": [
            "This value is not a valid email address."
        ]
    }
}
