{
  "code": "T_SHIRTS",
  "name": "T-Shirts",
  "slug": "t-shirts",
  "description": "Einige Beschreibung Lorem ipsum dolor sit amet.",
  "position": 2,
  "children": [
    {
      "code": "MEN_T_SHIRTS",
      "name": "Männer T-Shirts",
      "slug": "männer-t-shirts",
      "description": "Einige Beschreibung Lorem ipsum dolor sit amet.",
      "position": 0,
      "children": [],
      "images": [],
      "parent": "/shop-api/taxons/T_SHIRTS"
    },
    {
      "code": "WOMEN_T_SHIRTS",
      "name": "Frauen T-Shirts",
      "slug": "frauen-t-shirts",
      "description": "Einige Beschreibung Lorem ipsum dolor sit amet.",
      "position": 1,
      "children": [],
      "images": [],
      "parent": "/shop-api/taxons/T_SHIRTS"
    }
  ],
  "images": [
    {
      "type": "thumbnail",
      "path": "/uo/t-shirt.jpg"
    }
  ],
  "parent": {
    "code": "CATEGORY",
    "name": "Categories",
    "slug": "categories",
    "description": "Some description Lorem ipsum dolor sit amet.",
    "position": 0,
    "children": [
      {
        "code": "MUG",
        "name": "Tassen",
        "slug": "tassen",
        "description": "Einige Beschreibung Lorem ipsum dolor sit amet.",
        "position": 0,
        "children": [],
        "images": [],
        "parent": "/shop-api/taxons/CATEGORY"
      },
      {
        "code": "HAT",
        "name": "Hüte",
        "slug": "hute",
        "description": null,
        "position": 1,
        "children": [],
        "images": [],
        "parent": "/shop-api/taxons/CATEGORY"
      },
      "/shop-api/taxons/T_SHIRTS"
    ],
    "images": [],
    "parent": null
  }
}
