{
  "code": "T_SHIRTS",
  "name": "T-Shirts",
  "slug": "categories/t-shirts",
  "description": "Some description Lorem ipsum dolor sit amet.",
  "position": 2,
  "children": [
    {
      "code": "MEN_T_SHIRTS",
      "name": "Men T-Shirts",
      "slug": "categories/t-shirts/men-t-shirts",
      "description": "Some description Lorem ipsum dolor sit amet.",
      "position": 0,
      "children": [],
      "images": [],
      "parent": "/shop-api/taxons/T_SHIRTS"
    },
    {
      "code": "WOMEN_T_SHIRTS",
      "name": "Women T-Shirts",
      "slug": "categories/t-shirts/women-t-shirts",
      "description": "Some description Lorem ipsum dolor sit amet.",
      "position": 1,
      "children": [],
      "images": [],
      "parent": "/shop-api/taxons/T_SHIRTS"
    }
  ],
  "images": [
    {
      "type": "thumbnail",
      "path": "/uo/t-shirt.jpg"
    }
  ],
  "parent": {
    "code": "CATEGORY",
    "name": "Categories",
    "slug": "categories",
    "description": "Some description Lorem ipsum dolor sit amet.",
    "position": 0,
    "children": [
      {
          "code": "MUG",
          "name": "Mugs",
          "slug": "categories/mugs",
          "description": "Some description Lorem ipsum dolor sit amet.",
          "position": 0,
          "children": [],
          "images": [],
          "parent": "/shop-api/taxons/CATEGORY"
      },
      {
          "code": "HAT",
          "name": "Hats",
          "slug": "categories/hats",
          "description": "Some description Lorem ipsum dolor sit amet.",
          "position": 1,
          "children": [],
          "images": [],
          "parent": "/shop-api/taxons/CATEGORY"
      },
      "/shop-api/taxons/T_SHIRTS"
    ],
    "images": [],
    "parent": null
  }
}
