{
    "code": 404,
    "message": "Channel with code SPACE_KLINGON has not been found."
}
